{"timestamp":"2023-12-07T11:41:06.495567Z","level":"INFO","message":"Rewriting uri","target":"proxy_handler::handlers","filename":"proxy_handler/handlers.rs","line_number":167,"span":{"caller":"unknown","logid":"010E09010C05","method":"PATCH","uri":"/combo/proxy_test","name":"request"}}
{"timestamp":"2023-12-07T11:41:06.495953Z","level":"INFO","message":"getting key=SERVICE_NAME","target":"proxy_handler::util","filename":"proxy_handler/util.rs","line_number":36,"span":{"caller":"unknown","logid":"010E09010C05","method":"PATCH","uri":"/combo/proxy_test","name":"request"}}
{"timestamp":"2023-12-07T11:41:06.495975Z","level":"INFO","message":"got service=combo_service","target":"proxy_handler::util","filename":"proxy_handler/util.rs","line_number":40,"span":{"caller":"unknown","logid":"010E09010C05","method":"PATCH","uri":"/combo/proxy_test","name":"request"}}
{"timestamp":"2023-12-07T11:41:06.495993Z","level":"INFO","message":"got service_key=SERVICE_PORT","target":"proxy_handler::util","filename":"proxy_handler/util.rs","line_number":57,"span":{"caller":"unknown","logid":"010E09010C05","method":"PATCH","uri":"/combo/proxy_test","name":"request"}}
{"timestamp":"2023-12-07T11:41:06.496008Z","level":"INFO","message":"got service=service, port=8083","target":"proxy_handler::util","filename":"proxy_handler/util.rs","line_number":61,"span":{"caller":"unknown","logid":"010E09010C05","method":"PATCH","uri":"/combo/proxy_test","name":"request"}}
{"timestamp":"2023-12-07T11:41:06.496053Z","level":"INFO","message":"got service_key=SERVICE_ADDRESS","target":"proxy_handler::util","filename":"proxy_handler/util.rs","line_number":79,"span":{"caller":"unknown","logid":"010E09010C05","method":"PATCH","uri":"/combo/proxy_test","name":"request"}}
{"timestamp":"2023-12-07T11:41:06.496081Z","level":"INFO","message":"got service=service, address=combo_service","target":"proxy_handler::util","filename":"proxy_handler/util.rs","line_number":83,"span":{"caller":"unknown","logid":"010E09010C05","method":"PATCH","uri":"/combo/proxy_test","name":"request"}}
{"timestamp":"2023-12-07T11:41:06.496105Z","level":"INFO","message":"Sending request: http://combo_service:8083/combo/proxy_test","target":"proxy_handler::handlers","filename":"proxy_handler/handlers.rs","line_number":172,"span":{"caller":"unknown","logid":"010E09010C05","method":"PATCH","uri":"/combo/proxy_test","name":"request"}}
{"timestamp":"2023-12-07T11:41:06.496124Z","level":"INFO","message":"Got content type: [97, 112, 112, 108, 105, 99, 97, 116, 105, 111, 110, 47, 106, 115, 111, 110]","target":"proxy_handler::handlers","filename":"proxy_handler/handlers.rs","line_number":176,"span":{"caller":"unknown","logid":"010E09010C05","method":"PATCH","uri":"/combo/proxy_test","name":"request"}}
{"timestamp":"2023-12-07T11:41:06.497539Z","level":"INFO","message":"req: payload=PartialCombo { origin: None, colour: Some(\"mauve\"), property: None, value: Some(\"low\") }","target":"combo_service::biz_router","filename":"combo_service/biz_router.rs","line_number":277,"span":{"caller":"unknown","logid":"010E09010C05","method":"PATCH","uri":"/combo/proxy_test","name":"request"}}
{"timestamp":"2023-12-07T11:41:06.497627Z","level":"INFO","message":"got service_key=ENTITY_PORT","target":"combo_service::biz_router","filename":"combo_service/biz_router.rs","line_number":38,"span":{"caller":"unknown","logid":"010E09010C05","method":"PATCH","uri":"/combo/proxy_test","name":"request"}}
{"timestamp":"2023-12-07T11:41:06.497648Z","level":"INFO","message":"got service=entity, port=8081","target":"combo_service::biz_router","filename":"combo_service/biz_router.rs","line_number":42,"span":{"caller":"unknown","logid":"010E09010C05","method":"PATCH","uri":"/combo/proxy_test","name":"request"}}
{"timestamp":"2023-12-07T11:41:06.497669Z","level":"INFO","message":"got service_key=ENTITY_ADDRESS","target":"combo_service::biz_router","filename":"combo_service/biz_router.rs","line_number":60,"span":{"caller":"unknown","logid":"010E09010C05","method":"PATCH","uri":"/combo/proxy_test","name":"request"}}
{"timestamp":"2023-12-07T11:41:06.497685Z","level":"INFO","message":"got service=entity, address=entity_microservice","target":"combo_service::biz_router","filename":"combo_service/biz_router.rs","line_number":64,"span":{"caller":"unknown","logid":"010E09010C05","method":"PATCH","uri":"/combo/proxy_test","name":"request"}}
{"timestamp":"2023-12-07T11:41:06.497704Z","level":"INFO","message":"got service_key=PROPERTY_PORT","target":"combo_service::biz_router","filename":"combo_service/biz_router.rs","line_number":38,"span":{"caller":"unknown","logid":"010E09010C05","method":"PATCH","uri":"/combo/proxy_test","name":"request"}}
{"timestamp":"2023-12-07T11:41:06.497719Z","level":"INFO","message":"got service=property, port=8082","target":"combo_service::biz_router","filename":"combo_service/biz_router.rs","line_number":42,"span":{"caller":"unknown","logid":"010E09010C05","method":"PATCH","uri":"/combo/proxy_test","name":"request"}}
{"timestamp":"2023-12-07T11:41:06.497736Z","level":"INFO","message":"got service_key=PROPERTY_ADDRESS","target":"combo_service::biz_router","filename":"combo_service/biz_router.rs","line_number":60,"span":{"caller":"unknown","logid":"010E09010C05","method":"PATCH","uri":"/combo/proxy_test","name":"request"}}
{"timestamp":"2023-12-07T11:41:06.497793Z","level":"INFO","message":"got service=property, address=property_microservice","target":"combo_service::biz_router","filename":"combo_service/biz_router.rs","line_number":64,"span":{"caller":"unknown","logid":"010E09010C05","method":"PATCH","uri":"/combo/proxy_test","name":"request"}}
{"timestamp":"2023-12-07T11:41:06.497940Z","level":"INFO","message":"requesting entity from: entity_address=http://entity_microservice:8081/entity/proxy_test","target":"combo_service::biz_router","filename":"combo_service/biz_router.rs","line_number":287,"span":{"caller":"unknown","logid":"010E09010C05","method":"PATCH","uri":"/combo/proxy_test","name":"request"}}
{"timestamp":"2023-12-07T11:41:06.500502Z","level":"INFO","message":"req: name=proxy_test","target":"entity_microservice::biz_router","filename":"entity_microservice/biz_router.rs","line_number":31,"span":{"caller":"unknown","logid":"010E09010C05","method":"GET","uri":"/entity/proxy_test","name":"request"}}
{"timestamp":"2023-12-07T11:41:06.500557Z","level":"INFO","message":"resp: value=origin=NZ, colour=red","target":"entity_microservice::biz_router","filename":"entity_microservice/biz_router.rs","line_number":35,"span":{"caller":"unknown","logid":"010E09010C05","method":"GET","uri":"/entity/proxy_test","name":"request"}}
{"timestamp":"2023-12-07T11:41:06.500755Z","level":"INFO","message":"entity_response=Response { url: Url { scheme: \"http\", cannot_be_a_base: false, username: \"\", password: None, host: Some(Domain(\"entity_microservice\")), port: Some(8081), path: \"/entity/proxy_test\", query: None, fragment: None }, status: 200, headers: {\"content-type\": \"application/json\", \"content-length\": \"30\", \"date\": \"Thu, 07 Dec 2023 11:41:06 GMT\"} }","target":"combo_service::biz_router","filename":"combo_service/biz_router.rs","line_number":302,"span":{"caller":"unknown","logid":"010E09010C05","method":"PATCH","uri":"/combo/proxy_test","name":"request"}}
{"timestamp":"2023-12-07T11:41:06.500854Z","level":"INFO","message":"requesting property from: property_address=http://property_microservice:8082/property/proxy_test","target":"combo_service::biz_router","filename":"combo_service/biz_router.rs","line_number":312,"span":{"caller":"unknown","logid":"010E09010C05","method":"PATCH","uri":"/combo/proxy_test","name":"request"}}
{"timestamp":"2023-12-07T11:41:06.501904Z","level":"INFO","message":"req: name=proxy_test","target":"property_microservice::biz_router","filename":"property_microservice/biz_router.rs","line_number":30,"span":{"caller":"unknown","logid":"010E09010C05","method":"GET","uri":"/property/proxy_test","name":"request"}}
{"timestamp":"2023-12-07T11:41:06.502037Z","level":"INFO","message":"resp: value=property=Some Property, value=high","target":"property_microservice::biz_router","filename":"property_microservice/biz_router.rs","line_number":34,"span":{"caller":"unknown","logid":"010E09010C05","method":"GET","uri":"/property/proxy_test","name":"request"}}
{"timestamp":"2023-12-07T11:41:06.502368Z","level":"INFO","message":"property_response=Response { url: Url { scheme: \"http\", cannot_be_a_base: false, username: \"\", password: None, host: Some(Domain(\"property_microservice\")), port: Some(8082), path: \"/property/proxy_test\", query: None, fragment: None }, status: 200, headers: {\"content-type\": \"application/json\", \"content-length\": \"43\", \"date\": \"Thu, 07 Dec 2023 11:41:06 GMT\"} }","target":"combo_service::biz_router","filename":"combo_service/biz_router.rs","line_number":330,"span":{"caller":"unknown","logid":"010E09010C05","method":"PATCH","uri":"/combo/proxy_test","name":"request"}}
{"timestamp":"2023-12-07T11:41:06.502496Z","level":"INFO","message":"existing_entity=Entity { origin: \"NZ\", colour: \"red\" }","target":"combo_service::biz_router","filename":"combo_service/biz_router.rs","line_number":340,"span":{"caller":"unknown","logid":"010E09010C05","method":"PATCH","uri":"/combo/proxy_test","name":"request"}}
{"timestamp":"2023-12-07T11:41:06.502573Z","level":"INFO","message":"sending entity patch to: entity_address=http://entity_microservice:8081/entity/proxy_test","target":"combo_service::biz_router","filename":"combo_service/biz_router.rs","line_number":370,"span":{"caller":"unknown","logid":"010E09010C05","method":"PATCH","uri":"/combo/proxy_test","name":"request"}}
{"timestamp":"2023-12-07T11:41:06.503189Z","level":"INFO","message":"req: payload=Entity { origin: \"NZ\", colour: \"mauve\" }","target":"entity_microservice::biz_router","filename":"entity_microservice/biz_router.rs","line_number":51,"span":{"caller":"unknown","logid":"010E09010C05","method":"POST","uri":"/entity/proxy_test","name":"request"}}
{"timestamp":"2023-12-07T11:41:06.503513Z","level":"INFO","message":"entity_response=Response { url: Url { scheme: \"http\", cannot_be_a_base: false, username: \"\", password: None, host: Some(Domain(\"entity_microservice\")), port: Some(8081), path: \"/entity/proxy_test\", query: None, fragment: None }, status: 201, headers: {\"content-length\": \"0\", \"date\": \"Thu, 07 Dec 2023 11:41:06 GMT\"} }","target":"combo_service::biz_router","filename":"combo_service/biz_router.rs","line_number":387,"span":{"caller":"unknown","logid":"010E09010C05","method":"PATCH","uri":"/combo/proxy_test","name":"request"}}
{"timestamp":"2023-12-07T11:41:06.503573Z","level":"INFO","message":"sending property patch to: property_address=http://property_microservice:8082/property/proxy_test","target":"combo_service::biz_router","filename":"combo_service/biz_router.rs","line_number":389,"span":{"caller":"unknown","logid":"010E09010C05","method":"PATCH","uri":"/combo/proxy_test","name":"request"}}
{"timestamp":"2023-12-07T11:41:06.503920Z","level":"INFO","message":"req: payload=Property { property: \"Some Property\", value: \"low\" }","target":"property_microservice::biz_router","filename":"property_microservice/biz_router.rs","line_number":50,"span":{"caller":"unknown","logid":"010E09010C05","method":"POST","uri":"/property/proxy_test","name":"request"}}
{"timestamp":"2023-12-07T11:41:06.504089Z","level":"INFO","message":"property_response=Response { url: Url { scheme: \"http\", cannot_be_a_base: false, username: \"\", password: None, host: Some(Domain(\"property_microservice\")), port: Some(8082), path: \"/property/proxy_test\", query: None, fragment: None }, status: 201, headers: {\"content-length\": \"0\", \"date\": \"Thu, 07 Dec 2023 11:41:06 GMT\"} }","target":"combo_service::biz_router","filename":"combo_service/biz_router.rs","line_number":409,"span":{"caller":"unknown","logid":"010E09010C05","method":"PATCH","uri":"/combo/proxy_test","name":"request"}}
{"timestamp":"2023-12-07T11:41:06.504885Z","level":"INFO","message":"Got response: Response { url: Url { scheme: \"http\", cannot_be_a_base: false, username: \"\", password: None, host: Some(Domain(\"combo_service\")), port: Some(8083), path: \"/combo/proxy_test\", query: None, fragment: None }, status: 200, headers: {\"content-type\": \"application/json\", \"content-length\": \"73\", \"date\": \"Thu, 07 Dec 2023 11:41:06 GMT\"} }","target":"proxy_handler::handlers","filename":"proxy_handler/handlers.rs","line_number":197,"span":{"caller":"unknown","logid":"010E09010C05","method":"PATCH","uri":"/combo/proxy_test","name":"request"}}
{"timestamp":"2023-12-07T11:41:06.504993Z","level":"INFO","message":"Response { status: 200, version: HTTP/1.1, headers: {\"content-type\": \"application/json\", \"logid\": \"010E09010C05\"}, body: Body(UnsyncBoxBody) }","target":"proxy_handler::handlers","filename":"proxy_handler/handlers.rs","line_number":218,"span":{"caller":"unknown","logid":"010E09010C05","method":"PATCH","uri":"/combo/proxy_test","name":"request"}}
